uv : Traceback (most 
recent call last):
At line:1 char:1
+ uv run python -c "from 
app.core.config import 
settings; print(setting 
...
+ ~~~~~~~~~~~~~~~~~~~~~~~~
~~~~~~~~~~~~~~~~~~~~~~~~~~
~~~~~~~~~~~~~~~~~~~
    + CategoryInfo        
      : NotSpecified: (T  
  raceback (most recent   
  call last)::String)     
[], RemoteException
    + FullyQualifiedError 
   Id : NativeCommandErr  
  or
 
  File "C:\Users\JAY\rem-o
do\backend\.venv\Lib\site-
packages\sqlalchemy\engine
\base.py", line 143, in 
__init__
    
self._dbapi_connection = 
engine.raw_connection()
                          
   ^^^^^^^^^^^^^^^^^^^^^^^
  File "C:\Users\JAY\rem-o
do\backend\.venv\Lib\site-
packages\sqlalchemy\engine
\base.py", line 3317, in 
raw_connection
    return 
self.pool.connect()
           
^^^^^^^^^^^^^^^^^^^
  File "C:\Users\JAY\rem-o
do\backend\.venv\Lib\site-
packages\sqlalchemy\pool\b
ase.py", line 448, in 
connect
    return _ConnectionFair
y._checkout(self)
           ^^^^^^^^^^^^^^^
^^^^^^^^^^^^^^^^^
  File "C:\Users\JAY\rem-o
do\backend\.venv\Lib\site-
packages\sqlalchemy\pool\b
ase.py", line 1272, in 
_checkout
    fairy = _ConnectionRec
ord.checkout(pool)
            ^^^^^^^^^^^^^^
^^^^^^^^^^^^^^^^^^
  File "C:\Users\JAY\rem-o
do\backend\.venv\Lib\site-
packages\sqlalchemy\pool\b
ase.py", line 712, in 
checkout
    rec = pool._do_get()
          ^^^^^^^^^^^^^^
  File "C:\Users\JAY\rem-o
do\backend\.venv\Lib\site-
packages\sqlalchemy\pool\i
mpl.py", line 177, in 
_do_get
    with 
util.safe_reraise():
         
^^^^^^^^^^^^^^^^^^^
  File "C:\Users\JAY\rem-o
do\backend\.venv\Lib\site-
packages\sqlalchemy\util\l
anghelpers.py", line 121, 
in __exit__
    raise exc_value.with_t
raceback(exc_tb)
  File "C:\Users\JAY\rem-o
do\backend\.venv\Lib\site-
packages\sqlalchemy\pool\i
mpl.py", line 175, in 
_do_get
    return 
self._create_connection()
           
^^^^^^^^^^^^^^^^^^^^^^^^^
  File "C:\Users\JAY\rem-o
do\backend\.venv\Lib\site-
packages\sqlalchemy\pool\b
ase.py", line 389, in 
_create_connection
    return 
_ConnectionRecord(self)
           
^^^^^^^^^^^^^^^^^^^^^^^
  File "C:\Users\JAY\rem-o
do\backend\.venv\Lib\site-
packages\sqlalchemy\pool\b
ase.py", line 674, in 
__init__
    self.__connect()
  File "C:\Users\JAY\rem-o
do\backend\.venv\Lib\site-
packages\sqlalchemy\pool\b
ase.py", line 900, in 
__connect
    with 
util.safe_reraise():
         
^^^^^^^^^^^^^^^^^^^
  File "C:\Users\JAY\rem-o
do\backend\.venv\Lib\site-
packages\sqlalchemy\util\l
anghelpers.py", line 121, 
in __exit__
    raise exc_value.with_t
raceback(exc_tb)
  File "C:\Users\JAY\rem-o
do\backend\.venv\Lib\site-
packages\sqlalchemy\pool\b
ase.py", line 896, in 
__connect
    self.dbapi_connection 
= connection = 
pool._invoke_creator(self)
                          
               
^^^^^^^^^^^^^^^^^^^^^^^^^^
  File "C:\Users\JAY\rem-o
do\backend\.venv\Lib\site-
packages\sqlalchemy\engine
\create.py", line 667, in 
connect
    return dialect.connect
(*cargs_tup, **cparams)
           ^^^^^^^^^^^^^^^
^^^^^^^^^^^^^^^^^^^^^^^
  File "C:\Users\JAY\rem-o
do\backend\.venv\Lib\site-
packages\sqlalchemy\engine
\default.py", line 630, 
in connect
    return self.loaded_dba
pi.connect(*cargs, 
**cparams)  # type: 
ignore[no-any-return]  # 
NOQA: E501
           ^^^^^^^^^^^^^^^
^^^^^^^^^^^^^^^^^^^^^^^^^^
^^^
  File "C:\Users\JAY\rem-o
do\backend\.venv\Lib\site-
packages\psycopg\connectio
n.py", line 122, in 
connect
    raise last_ex.with_tra
ceback(None)
psycopg.OperationalError: 
connection failed: 
connection to server at 
"127.0.0.1", port 5432 
failed: FATAL:  password 
authentication failed for 
user "postgres"

The above exception was 
the direct cause of the 
following exception:

Traceback (most recent 
call last):
  File "<string>", line 
1, in <module>
  File "C:\Users\JAY\rem-o
do\backend\.venv\Lib\site-
packages\sqlalchemy\engine
\base.py", line 3293, in 
connect
    return 
self._connection_cls(self)
           
^^^^^^^^^^^^^^^^^^^^^^^^^^
  File "C:\Users\JAY\rem-o
do\backend\.venv\Lib\site-
packages\sqlalchemy\engine
\base.py", line 145, in 
__init__
    Connection._handle_dba
pi_exception_noconnection(
  File "C:\Users\JAY\rem-o
do\backend\.venv\Lib\site-
packages\sqlalchemy\engine
\base.py", line 2448, in _
handle_dbapi_exception_noc
onnection
    raise sqlalchemy_excep
tion.with_traceback(exc_in
fo[2]) from e
  File "C:\Users\JAY\rem-o
do\backend\.venv\Lib\site-
packages\sqlalchemy\engine
\base.py", line 143, in 
__init__
    
self._dbapi_connection = 
engine.raw_connection()
                          
   ^^^^^^^^^^^^^^^^^^^^^^^
  File "C:\Users\JAY\rem-o
do\backend\.venv\Lib\site-
packages\sqlalchemy\engine
\base.py", line 3317, in 
raw_connection
    return 
self.pool.connect()
           
^^^^^^^^^^^^^^^^^^^
  File "C:\Users\JAY\rem-o
do\backend\.venv\Lib\site-
packages\sqlalchemy\pool\b
ase.py", line 448, in 
connect
    return _ConnectionFair
y._checkout(self)
           ^^^^^^^^^^^^^^^
^^^^^^^^^^^^^^^^^
  File "C:\Users\JAY\rem-o
do\backend\.venv\Lib\site-
packages\sqlalchemy\pool\b
ase.py", line 1272, in 
_checkout
    fairy = _ConnectionRec
ord.checkout(pool)
            ^^^^^^^^^^^^^^
^^^^^^^^^^^^^^^^^^
  File "C:\Users\JAY\rem-o
do\backend\.venv\Lib\site-
packages\sqlalchemy\pool\b
ase.py", line 712, in 
checkout
    rec = pool._do_get()
          ^^^^^^^^^^^^^^
  File "C:\Users\JAY\rem-o
do\backend\.venv\Lib\site-
packages\sqlalchemy\pool\i
mpl.py", line 177, in 
_do_get
    with 
util.safe_reraise():
         
^^^^^^^^^^^^^^^^^^^
  File "C:\Users\JAY\rem-o
do\backend\.venv\Lib\site-
packages\sqlalchemy\util\l
anghelpers.py", line 121, 
in __exit__
    raise exc_value.with_t
raceback(exc_tb)
  File "C:\Users\JAY\rem-o
do\backend\.venv\Lib\site-
packages\sqlalchemy\pool\i
mpl.py", line 175, in 
_do_get
    return 
self._create_connection()
           
^^^^^^^^^^^^^^^^^^^^^^^^^
  File "C:\Users\JAY\rem-o
do\backend\.venv\Lib\site-
packages\sqlalchemy\pool\b
ase.py", line 389, in 
_create_connection
    return 
_ConnectionRecord(self)
           
^^^^^^^^^^^^^^^^^^^^^^^
  File "C:\Users\JAY\rem-o
do\backend\.venv\Lib\site-
packages\sqlalchemy\pool\b
ase.py", line 674, in 
__init__
    self.__connect()
  File "C:\Users\JAY\rem-o
do\backend\.venv\Lib\site-
packages\sqlalchemy\pool\b
ase.py", line 900, in 
__connect
    with 
util.safe_reraise():
         
^^^^^^^^^^^^^^^^^^^
  File "C:\Users\JAY\rem-o
do\backend\.venv\Lib\site-
packages\sqlalchemy\util\l
anghelpers.py", line 121, 
in __exit__
    raise exc_value.with_t
raceback(exc_tb)
  File "C:\Users\JAY\rem-o
do\backend\.venv\Lib\site-
packages\sqlalchemy\pool\b
ase.py", line 896, in 
__connect
    self.dbapi_connection 
= connection = 
pool._invoke_creator(self)
                          
               
^^^^^^^^^^^^^^^^^^^^^^^^^^
  File "C:\Users\JAY\rem-o
do\backend\.venv\Lib\site-
packages\sqlalchemy\engine
\create.py", line 667, in 
connect
    return dialect.connect
(*cargs_tup, **cparams)
           ^^^^^^^^^^^^^^^
^^^^^^^^^^^^^^^^^^^^^^^
  File "C:\Users\JAY\rem-o
do\backend\.venv\Lib\site-
packages\sqlalchemy\engine
\default.py", line 630, 
in connect
    return self.loaded_dba
pi.connect(*cargs, 
**cparams)  # type: 
ignore[no-any-return]  # 
NOQA: E501
           ^^^^^^^^^^^^^^^
^^^^^^^^^^^^^^^^^^^^^^^^^^
^^^
  File "C:\Users\JAY\rem-o
do\backend\.venv\Lib\site-
packages\psycopg\connectio
n.py", line 122, in 
connect
    raise last_ex.with_tra
ceback(None)
sqlalchemy.exc.Operational
Error: (psycopg.Operationa
lError) connection 
failed: connection to 
server at "127.0.0.1", 
port 5432 failed: FATAL:  
password authentication 
failed for user "postgres"
(Background on this error 
at: https://sqlalche.me/e/
20/e3q8)
postgresql+psycopg://postgres:postgres@127.0.0.1:5432/reimbursement
